// Jest Snapshot v1, https://goo.gl/fbAQLP

exports[`Projects component should render correctly 1`] = `
<ol
  className="projects"
>
  <li>
    <div
      id="6c5a5baa-8c8b-5580-8061-b1cad23712cc"
    >
      <figure
        className="project__figure"
      >
        <a
          className="project__link"
          href="/projects/demo-project"
        >
          <div
            className=" gatsby-image-wrapper"
            style={
              Object {
                "overflow": "hidden",
                "position": "relative",
              }
            }
          >
            <div
              style={
                Object {
                  "paddingBottom": "75.00000001875%",
                  "width": "100%",
                }
              }
            />
            <picture>
              <source
                sizes="(max-width: 800px) 100vw, 800px"
                srcSet="path/to/img"
              />
              <img
                alt=""
                loading="lazy"
                onLoad={[Function]}
                sizes="(max-width: 800px) 100vw, 800px"
                src="path/to/img"
                srcSet="path/to/img"
                style={
                  Object {
                    "height": "100%",
                    "left": 0,
                    "objectFit": "cover",
                    "objectPosition": "center",
                    "opacity": 0,
                    "position": "absolute",
                    "top": 0,
                    "transition": "opacity 500ms",
                    "width": "100%",
                  }
                }
              />
            </picture>
            <noscript
              dangerouslySetInnerHTML={
                Object {
                  "__html": "<picture><source srcset=\\"path/to/img\\" sizes=\\"(max-width: 800px) 100vw, 800px\\" /><img loading=\\"lazy\\" sizes=\\"(max-width: 800px) 100vw, 800px\\" srcset=\\"path/to/img\\" src=\\"path/to/img\\" alt=\\"\\" style=\\"position:absolute;top:0;left:0;opacity:1;width:100%;height:100%;object-fit:cover;object-position:center\\"/></picture>",
                }
              }
            />
          </div>
          <figcaption
            className="project__caption"
          >
            <h2>
              Demo Project
            </h2>
          </figcaption>
        </a>
      </figure>
    </div>
  </li>
</ol>
`;

exports[`Projects component should render empty projects correctly 1`] = `
<ol
  className="projects"
/>
`;
