// Jest Snapshot v1, https://goo.gl/fbAQLP

exports[`Column component should render correctly 1`] = `
<div
  className="column"
/>
`;
