// Jest Snapshot v1, https://goo.gl/fbAQLP

exports[`SEO component should render correctly 1`] = `null`;
