// Jest Snapshot v1, https://goo.gl/fbAQLP

exports[`Skill component should render correctly 1`] = `
<DocumentFragment>
  <div>
    <h3>
      JavaScript
    </h3>
    <div />
  </div>
</DocumentFragment>
`;
