// Jest Snapshot v1, https://goo.gl/fbAQLP

exports[`Skill component should render correctly 1`] = `
<div>
  <h3>
    JavaScript
  </h3>
  <div />
</div>
`;
