// Jest Snapshot v1, https://goo.gl/fbAQLP

exports[`Row component should render correctly 1`] = `
<DocumentFragment>
  <div
    class="row"
  />
</DocumentFragment>
`;
