// Jest Snapshot v1, https://goo.gl/fbAQLP

exports[`Layout component should render correctly 1`] = `
<div>
  <header
    className="header"
  >
    <div
      className="grid"
    >
      <nav
        className="navigation"
      >
        <ul>
          <li>
            <a
              href="/"
            >
              Home
            </a>
          </li>
          <li>
            <a
              href="/projects"
            >
              Projects
            </a>
          </li>
          <li>
            <a
              href="/search"
            >
              Search
            </a>
          </li>
          <li>
            <a
              href="/imprint"
            >
              Imprint
            </a>
          </li>
        </ul>
      </nav>
    </div>
  </header>
  <main
    className=""
  />
  <footer
    className="footer"
  >
    <div
      className="grid"
    >
      Â© 
      2019
      , Built with 
      <a
        href="https://www.gatsbyjs.org"
      >
        Gatsby
      </a>
    </div>
  </footer>
</div>
`;
