// Jest Snapshot v1, https://goo.gl/fbAQLP

exports[`Navigation component should render correctly 1`] = `
<DocumentFragment>
  <nav
    class="navigation"
  >
    <ul
      class="navigation__list"
    />
  </nav>
</DocumentFragment>
`;
