// Jest Snapshot v1, https://goo.gl/fbAQLP

exports[`Projects component should render correctly 1`] = `
<DocumentFragment>
  <ol
    class=""
  >
    <li>
      <div
        id="6c5a5baa-8c8b-5580-8061-b1cad23712cc"
      >
        <figure>
          <a
            href="/projects/demo-project"
          >
            <figcaption>
              <div>
                <h3>
                  Demo Project
                </h3>
              </div>
            </figcaption>
          </a>
        </figure>
      </div>
    </li>
  </ol>
</DocumentFragment>
`;

exports[`Projects component should render empty projects correctly 1`] = `
<DocumentFragment>
  <ol
    class=""
  />
</DocumentFragment>
`;
