// Jest Snapshot v1, https://goo.gl/fbAQLP

exports[`Footer component should render correctly 1`] = `
<DocumentFragment>
  <footer
    class=""
  />
</DocumentFragment>
`;
